[2026-06-03T16:44:30.726Z] [log] %c EvalError
    at rw (https://client.px-cloud.net/PXeBumDLwe/main.min.js:2:68509)
    at ty (https://client.px-cloud.net/PXeBumDLwe/main.min.js:2:75952)
    at Na (https://client.px-cloud.net/PXeBumDLwe/main.min.js:2:231579)
    at MY (https://client.px-cloud.net/PXeBumDLwe/main.min.js:2:231197)
    at https://client.px-cloud.net/PXeBumDLwe/main.min.js:2:232923
    at https://client.px-cloud.net/PXeBumDLwe/main.min.js:2:232929
    at https://client.px-cloud.net/PXeBumDLwe/main.min.js:2:233394
[2026-06-03T16:44:50.070Z] [log] %c EvalError
    at rw (https://client.px-cloud.net/PXeBumDLwe/main.min.js:2:68509)
    at ty (https://client.px-cloud.net/PXeBumDLwe/main.min.js:2:75952)
    at Na (https://client.px-cloud.net/PXeBumDLwe/main.min.js:2:231579)
    at MY (https://client.px-cloud.net/PXeBumDLwe/main.min.js:2:231197)
    at https://client.px-cloud.net/PXeBumDLwe/main.min.js:2:232923
    at https://client.px-cloud.net/PXeBumDLwe/main.min.js:2:232929
    at https://client.px-cloud.net/PXeBumDLwe/main.min.js:2:233394
[2026-06-03T16:44:55.578Z] [log] %c EvalError
    at rw (https://client.px-cloud.net/PXeBumDLwe/main.min.js:2:68509)
    at ty (https://client.px-cloud.net/PXeBumDLwe/main.min.js:2:75952)
    at Na (https://client.px-cloud.net/PXeBumDLwe/main.min.js:2:231579)
    at MY (https://client.px-cloud.net/PXeBumDLwe/main.min.js:2:231197)
    at https://client.px-cloud.net/PXeBumDLwe/main.min.js:2:232923
    at https://client.px-cloud.net/PXeBumDLwe/main.min.js:2:232929
    at https://client.px-cloud.net/PXeBumDLwe/main.min.js:2:233394
[2026-06-03T16:44:56.326Z] [log] %c EvalError
    at rw (https://client.px-cloud.net/PXeBumDLwe/main.min.js:2:68509)
    at ty (https://client.px-cloud.net/PXeBumDLwe/main.min.js:2:75952)
    at Na (https://client.px-cloud.net/PXeBumDLwe/main.min.js:2:231579)
    at MY (https://client.px-cloud.net/PXeBumDLwe/main.min.js:2:231197)
    at https://client.px-cloud.net/PXeBumDLwe/main.min.js:2:232923
    at https://client.px-cloud.net/PXeBumDLwe/main.min.js:2:232929
    at https://client.px-cloud.net/PXeBumDLwe/main.min.js:2:233394
[2026-06-03T16:44:57.044Z] [log] %c EvalError
    at rw (https://client.px-cloud.net/PXeBumDLwe/main.min.js:2:68509)
    at ty (https://client.px-cloud.net/PXeBumDLwe/main.min.js:2:75952)
    at Na (https://client.px-cloud.net/PXeBumDLwe/main.min.js:2:231579)
    at MY (https://client.px-cloud.net/PXeBumDLwe/main.min.js:2:231197)
    at https://client.px-cloud.net/PXeBumDLwe/main.min.js:2:232923
    at https://client.px-cloud.net/PXeBumDLwe/main.min.js:2:232929
    at https://client.px-cloud.net/PXeBumDLwe/main.min.js:2:233394
[2026-06-03T16:45:15.419Z] [warning] [beehiiv] Config fetch error for: 29f956e0-7465-4d3e-a241-5d0037ec11f0 Failed to fetch
[2026-06-03T16:45:16.370Z] [log] %c EvalError
    at rw (https://client.px-cloud.net/PXeBumDLwe/main.min.js:2:68509)
    at ty (https://client.px-cloud.net/PXeBumDLwe/main.min.js:2:75952)
    at Na (https://client.px-cloud.net/PXeBumDLwe/main.min.js:2:231579)
    at MY (https://client.px-cloud.net/PXeBumDLwe/main.min.js:2:231197)
    at https://client.px-cloud.net/PXeBumDLwe/main.min.js:2:232923
    at https://client.px-cloud.net/PXeBumDLwe/main.min.js:2:232929
    at https://client.px-cloud.net/PXeBumDLwe/main.min.js:2:233394
[2026-06-03T16:45:36.268Z] [log] %c EvalError
    at rw (https://client.px-cloud.net/PXeBumDLwe/main.min.js:2:68509)
    at ty (https://client.px-cloud.net/PXeBumDLwe/main.min.js:2:75952)
    at Na (https://client.px-cloud.net/PXeBumDLwe/main.min.js:2:231579)
    at MY (https://client.px-cloud.net/PXeBumDLwe/main.min.js:2:231197)
    at https://client.px-cloud.net/PXeBumDLwe/main.min.js:2:232923
    at https://client.px-cloud.net/PXeBumDLwe/main.min.js:2:232929
    at https://client.px-cloud.net/PXeBumDLwe/main.min.js:2:233394
